// Jest Snapshot v1, https://goo.gl/fbAQLP

exports[`<UserCard /> renders 1`] = `
<div
  className="UserCard"
>
  <h4>
    User Card
  </h4>
  <img
    alt="Logo"
    className="image"
    role="presentation"
    src="IMAGE_MOCK"
  />
  <img
    alt="Logo"
    className="image"
    role="presentation"
    src="IMAGE_MOCK"
  />
  <img
    alt="Logo"
    className="image"
    role="presentation"
    src="IMAGE_MOCK"
  />
  <p>
    OLA
  </p>
  <ul>
    <li>
      Name: 
      Welly
    </li>
    <li>
      Phone: 
      007
    </li>
    <li>
      Email: 
      test@gmail.com
    </li>
    <li>
      Website: 
      www.test.com
    </li>
  </ul>
</div>
`;
